[wish.hktechnical.com/u/211023V63SCK11756/index.html]
[external.html]
[backblue.gif]
[fade.gif]
[index.html]
[maxcdn.bootstrapcdn.com/bootstrap/4.3.1/css/bootstrap.min.css]
[cdnjs.cloudflare.com/ajax/libs/animate.css/3.5.2/animate.min.css]
[web.hktechnical.com/Wish/template/M-HKTWSM/mystyle.css]
[ajax.googleapis.com/ajax/libs/jquery/2.2.4/jquery.min.js]
[stackpath.bootstrapcdn.com/font-awesome/4.7.0/css/font-awesome.min.css]
[cdn.jsdelivr.net/npm/progressive-image.js/dist/progressive-image.css]
[cdn.jsdelivr.net/npm/progressive-image.js/dist/progressive-image.js]
[wish.hktechnical.com/cdn-cgi/challenge-platform/h/b/scripts/invisible.js]
[i.pinimg.com/originals/63/79/a4/6379a4c26532f3f09eb0868f0016c2a6.gif]
[i.hktechnical.com/WSM/Curtain/sunset.jpg]
[1.bp.blogspot.com/-LJaNMAHrvNs/YAPM6ml-TjI/AAAAAAAAEto/qbe3nGvaziYx0yuDsCQLOeYdDaOins2VQCLcBGAsYHQ/w200/4bae5522eab2c92ae104801515cec7-unscreen.gif]
[1.bp.blogspot.com/-l0EVRb2fd3Q/WyNAg2N6m6I/AAAAAAAAAag/yA795u9GRJIf-DaE6-UCcWxL_bbdR5rXwCLcBGAs/s1600/Snow_falling1.gif]
[wish.hktechnical.com/cdn-cgi/scripts/7d0fa10a/cloudflare-static/rocket-loader.min.js]
[web.hktechnical.com/Wish/U/Images/1175620211023131338_Screenshot-2021-10-23-131313.png]
[web.hktechnical.com/img/Image Not Added.png]
[1.bp.blogspot.com/-tzKonv5iPhs/Xv2a_9UMEWI/AAAAAAAAD-g/fl69vQQ8lwAM62huf7FoS9doPkPUFr5ngCK4BGAsYHg/s320/photo6330286821254212106.jpg]
[4.bp.blogspot.com/-_ZpU-nyCpMc/WyNC8YxwrfI/AAAAAAAAAaw/KXfG3ltVcsgu57_M4_Fa7dZEaRVu1EyGACLcBGAs/s1600/c.gif]
[lh3.googleusercontent.com/-SFq_O75iHOs/XW0vVnpkExI/AAAAAAAAAdc/pNAby12_TiEuhNLJu318ZAgTlF8XtphbACLcBGAs/h240/20190902_202815.png]
[i.hktechnical.com/WSM/Img/Birthday/bdaycap.png]
[i.hktechnical.com/WSM/Img/Birthday/yellow-red-pink-balloon.png]
[i.hktechnical.com/WSM/Img/Birthday/shinyred-balloon.png]
[i.hktechnical.com/WSM/Img/Birthday/red-balloon.png]
[i.hktechnical.com/WSM/Img/Birthday/Pink_Birthday_Cake.png]
[i.hktechnical.com/WSM/Img/Birthday/icons8-birthday-cake.png]
[i.hktechnical.com/WSM/Img/Birthday/icons8-birthday-100.png]
[i.hktechnical.com/WSM/Img/Birthday/icons8-birthday-64.png]
[i.hktechnical.com/WSM/Img/Birthday/icons8-birthday-64-(2).png]
[i.hktechnical.com/WSM/Img/Birthday/icons8-birthday-64 (1).png]
[i.hktechnical.com/WSM/Img/Birthday/green balloon.png]
[i.hktechnical.com/WSM/Img/Birthday/icons8-birthday-50.png]
[i.hktechnical.com/WSM/Img/Birthday/balloons-png.png]
[i.hktechnical.com/WSM/Img/Birthday/balloon_PNG4961.png]
[i.hktechnical.com/WSM/Img/General/PicsArt_09-16-09.21.19.png]
[i.hktechnical.com/WSM/Img/General/unnamed-(14).png]
[web.hktechnical.com/Wish/template/M-HKTWSM/myscript.js]
[wish.hktechnical.com/u/211023V63SCK11756/index.html]
[maxcdn.bootstrapcdn.com/bootstrap/4.3.1/css/bootstrap.min.css]
[cdnjs.cloudflare.com/ajax/libs/animate.css/3.5.2/animate.min.css]
[web.hktechnical.com/Wish/template/M-HKTWSM/mystyle.css]
[stackpath.bootstrapcdn.com/font-awesome/4.7.0/css/font-awesome.min.css]
[cdn.jsdelivr.net/npm/progressive-image.js/dist/progressive-image.css]
[static.cloudflareinsights.com/beacon.min.js]
[web.hktechnical.com/Wish/template/M-HKTWSM/myscript.js]
[wish.hktechnical.com/u/211023V63SCK11756/web.h/index.html]
[wish.hktechnical.com/u/211023V63SCK11756/web.h/index.html]
[wish.hktechnical.com/u/211023V63SCK11756/cal.c/index.html]
[wish.hktechnical.com/u/211023V63SCK11756/cal.c/index.html]
